---
source: tap_core/tests/rav_test.rs
expression: signed_rav
snapshot_kind: text
---
{
  "message": {
    "allocationId": "0xabababababababababababababababababababab",
    "timestampNs": 59,
    "valueAggregate": 545
  },
  "signature": {
    "r": "0x11d760201bac73d4e772d0999a1f9b5f6b8d8979d94ee29b7cb2659d23f2a551",
    "s": "0x1036a994ff414de83f24601ab7cc22e0ece134d2199e0b675d94bd8cf7015226",
    "yParity": "0x0",
    "v": "0x0"
  }
}
