---
source: tap_core/tests/rav_test.rs
expression: receipts
snapshot_kind: text
---
[
  {
    "message": {
      "payer": "0xabababababababababababababababababababab",
      "data_service": "0xabababababababababababababababababababab",
      "service_provider": "0xabababababababababababababababababababab",
      "timestamp_ns": 50,
      "nonce": 50,
      "value": 50
    },
    "signature": {
      "r": "0x4ecb862a64112bcdac18567b9ecdea86bdaa23278363dd9ad7b0866460443cff",
      "s": "0x55c351e35b610c372d988d9854701c4c539ca171f0daad0e2da391689cb9b739",
      "yParity": "0x1",
      "v": "0x1"
    }
  },
  {
    "message": {
      "payer": "0xabababababababababababababababababababab",
      "data_service": "0xabababababababababababababababababababab",
      "service_provider": "0xabababababababababababababababababababab",
      "timestamp_ns": 51,
      "nonce": 51,
      "value": 51
    },
    "signature": {
      "r": "0xb86b4f2a3952fe0a63b853571f9ba3a8949d60fd47aa77b4079507b2e0d183a9",
      "s": "0x6f0692e52df1a2162080ef8f471032b2d456fd64f193f0be42e461ad9be69f44",
      "yParity": "0x0",
      "v": "0x0"
    }
  },
  {
    "message": {
      "payer": "0xabababababababababababababababababababab",
      "data_service": "0xabababababababababababababababababababab",
      "service_provider": "0xabababababababababababababababababababab",
      "timestamp_ns": 52,
      "nonce": 52,
      "value": 52
    },
    "signature": {
      "r": "0xcc84e1950cf91c07596e9e8a7919a438f41598d2ad0b1d36bd4ca873387e3bf",
      "s": "0x69ba08cbf960f893276193b2ceb285cd4597d681a841c9f09f36d56aee579edb",
      "yParity": "0x0",
      "v": "0x0"
    }
  },
  {
    "message": {
      "payer": "0xabababababababababababababababababababab",
      "data_service": "0xabababababababababababababababababababab",
      "service_provider": "0xabababababababababababababababababababab",
      "timestamp_ns": 53,
      "nonce": 53,
      "value": 53
    },
    "signature": {
      "r": "0x9ea79f4be4c140a264e2d1a203cd7dd93d1495b25093783bb7fb18a2c22d0fe5",
      "s": "0x39040040de42a251eae1c0a71e08d775416351f05199be7807400dce1d498afd",
      "yParity": "0x0",
      "v": "0x0"
    }
  },
  {
    "message": {
      "payer": "0xabababababababababababababababababababab",
      "data_service": "0xabababababababababababababababababababab",
      "service_provider": "0xabababababababababababababababababababab",
      "timestamp_ns": 54,
      "nonce": 54,
      "value": 54
    },
    "signature": {
      "r": "0x21f8af664178560f5aa274ea98ee145ce479d1295da4fed08c3d7102df8cc2af",
      "s": "0x540418686c0f21d48786e46f773205d2b4ecaa5f0876cf6c8f4dff15d89d7510",
      "yParity": "0x0",
      "v": "0x0"
    }
  },
  {
    "message": {
      "payer": "0xabababababababababababababababababababab",
      "data_service": "0xabababababababababababababababababababab",
      "service_provider": "0xabababababababababababababababababababab",
      "timestamp_ns": 55,
      "nonce": 55,
      "value": 55
    },
    "signature": {
      "r": "0x522915411cc85754f513d582c1d6fc38fa348a48eac0b8fddb3293ba87e41437",
      "s": "0xde39cb8b91574ec392bc07367aea8df7d1cf37f9d2489ff6e5b4ea8b5ee50f2",
      "yParity": "0x1",
      "v": "0x1"
    }
  },
  {
    "message": {
      "payer": "0xabababababababababababababababababababab",
      "data_service": "0xabababababababababababababababababababab",
      "service_provider": "0xabababababababababababababababababababab",
      "timestamp_ns": 56,
      "nonce": 56,
      "value": 56
    },
    "signature": {
      "r": "0x7b0199df25fc87969fcdf795e9cfd246e743d786a9208614b00d8af03730398",
      "s": "0x772b54a7bc5da81d06534b8e524fa0e52019f76c826eead029c7903fcb19ea42",
      "yParity": "0x1",
      "v": "0x1"
    }
  },
  {
    "message": {
      "payer": "0xabababababababababababababababababababab",
      "data_service": "0xabababababababababababababababababababab",
      "service_provider": "0xabababababababababababababababababababab",
      "timestamp_ns": 57,
      "nonce": 57,
      "value": 57
    },
    "signature": {
      "r": "0x72d7802e0802e8391469a9711259e6a9983ebab673d2baf7eceadfef9c2afc77",
      "s": "0x647e0ae9f3ef205d31955b3ac3e132296b57b1b218cb5f221678ca7ab7e0b875",
      "yParity": "0x0",
      "v": "0x0"
    }
  },
  {
    "message": {
      "payer": "0xabababababababababababababababababababab",
      "data_service": "0xabababababababababababababababababababab",
      "service_provider": "0xabababababababababababababababababababab",
      "timestamp_ns": 58,
      "nonce": 58,
      "value": 58
    },
    "signature": {
      "r": "0x98a01a0cad9ff3ab95157d03c6d253872935149f361fa3003b4776ea095b907e",
      "s": "0x55034f5bdac601bd78a3091d82450e844a8ff1e554498fb0ef6b8c4ef9e61a6",
      "yParity": "0x0",
      "v": "0x0"
    }
  },
  {
    "message": {
      "payer": "0xabababababababababababababababababababab",
      "data_service": "0xabababababababababababababababababababab",
      "service_provider": "0xabababababababababababababababababababab",
      "timestamp_ns": 59,
      "nonce": 59,
      "value": 59
    },
    "signature": {
      "r": "0x27ce1976e8a0645d04e31f95c14b038f75de27e8fb1e4604b1ac7723232228cb",
      "s": "0x31652a9a504057ca9c22d577370538d38b3c8a74070e3a844172e280f6587946",
      "yParity": "0x0",
      "v": "0x0"
    }
  }
]
